[{"DATE":"2022-06-19","BRAND":"A","REGION":"Flanders","AGEGROUP":"45-54","SEX":"","DOSE":"A","COUNT":0},{"DATE":"2022-06-19","BRAND":"A","REGION":"Flanders","AGEGROUP":"45-54","SEX":"","DOSE":"B","COUNT":1},{"DATE":"2022-06-19","BRAND":"A","REGION":"Flanders","AGEGROUP":"45-54","SEX":"","DOSE":"C","COUNT":2},{"DATE":"2022-06-19","BRAND":"A","REGION":"Flanders","AGEGROUP":"45-54","SEX":"","DOSE":"E","COUNT":3}]